// Jest Snapshot v1, https://goo.gl/fbAQLP

exports[`<Main /> shoud render the heading 1`] = `
<main
  class="styles__Wrapper-sc-1ewdoyu-0 hFaByO"
>
  <img
    alt="Imagem de um átomo e React Avançado escrito ao lado."
    class="styles__Logo-sc-1ewdoyu-1 gxiLDx"
    src="/img/logo.svg"
  />
  <h1
    class="styles__Title-sc-1ewdoyu-2 fZcRXb"
  >
    React Avançado
  </h1>
  <h2
    class="styles__Description-sc-1ewdoyu-3 dOUGLo"
  >
    Typescript, ReactJS, NextJS e Styled Components
  </h2>
  <img
    alt="Um desenvolvedor de frente para a tela com código"
    class="styles__Illustration-sc-1ewdoyu-4 rALtx"
    src="/img/hero-illustration.svg"
  />
</main>
`;
